# Last Week

- Make okra great (OKRA1)
  - @bactrian (<X> days)
  - Work Item 1

# Activity (move these items to last week)

  - PR: Fix bug in Okra [bactrian/okra#42](https://github.com/bactrian/okra/pull/42)
  - PR: Fix another bug in Okra [bactrian/okra#43](https://github.com/bactrian/okra/pull/43)
  - Issue: There's a bug in Okra [bactrian/okra#26](https://github.com/bactrian/okra/issue/26)
  - APPROVED Fix another bug in Okra [bactrian/okra#43](https://github.com/bactrian/okra/pull/43#pullrequestreview-123456789)
  - Created repository [bactrian/okra-web](https://github.com/bactrian/okra-web)
